// Jest Snapshot v1, https://goo.gl/fbAQLP
// SPDX-FileCopyrightText: 2020 Nextcloud GmbH and Nextcloud contributors
// SPDX-License-Identifier: AGPL-3.0-or-later

exports[`format/dateFormat test suite should format a timed date 1`] = `"1. Jan. 2019 00:00"`;

exports[`format/dateFormat test suite should format an all-day date 1`] = `"1. Jan. 2019"`;
